Archive member included to satisfy reference by file (symbol)

/home/andy/st/stm32cubeide_1.18.0/plugins/com.st.stm32cube.ide.mcu.externaltools.gnu-tools-for-stm32.13.3.rel1.linux64_1.0.0.202410170706/tools/bin/../lib/gcc/arm-none-eabi/13.3.1/../../../../arm-none-eabi/lib/thumb/v7e-m+fp/hard/libc_nano.a(libc_a-exit.o)
                              /home/andy/st/stm32cubeide_1.18.0/plugins/com.st.stm32cube.ide.mcu.externaltools.gnu-tools-for-stm32.13.3.rel1.linux64_1.0.0.202410170706/tools/bin/../lib/gcc/arm-none-eabi/13.3.1/../../../../arm-none-eabi/lib/thumb/v7e-m+fp/hard/crt0.o (exit)
/home/andy/st/stm32cubeide_1.18.0/plugins/com.st.stm32cube.ide.mcu.externaltools.gnu-tools-for-stm32.13.3.rel1.linux64_1.0.0.202410170706/tools/bin/../lib/gcc/arm-none-eabi/13.3.1/../../../../arm-none-eabi/lib/thumb/v7e-m+fp/hard/libc_nano.a(libc_a-findfp.o)
                              /home/andy/st/stm32cubeide_1.18.0/plugins/com.st.stm32cube.ide.mcu.externaltools.gnu-tools-for-stm32.13.3.rel1.linux64_1.0.0.202410170706/tools/bin/../lib/gcc/arm-none-eabi/13.3.1/../../../../arm-none-eabi/lib/thumb/v7e-m+fp/hard/libc_nano.a(libc_a-exit.o) (__stdio_exit_handler)
/home/andy/st/stm32cubeide_1.18.0/plugins/com.st.stm32cube.ide.mcu.externaltools.gnu-tools-for-stm32.13.3.rel1.linux64_1.0.0.202410170706/tools/bin/../lib/gcc/arm-none-eabi/13.3.1/../../../../arm-none-eabi/lib/thumb/v7e-m+fp/hard/libc_nano.a(libc_a-fwalk.o)
                              /home/andy/st/stm32cubeide_1.18.0/plugins/com.st.stm32cube.ide.mcu.externaltools.gnu-tools-for-stm32.13.3.rel1.linux64_1.0.0.202410170706/tools/bin/../lib/gcc/arm-none-eabi/13.3.1/../../../../arm-none-eabi/lib/thumb/v7e-m+fp/hard/libc_nano.a(libc_a-findfp.o) (_fwalk_sglue)
/home/andy/st/stm32cubeide_1.18.0/plugins/com.st.stm32cube.ide.mcu.externaltools.gnu-tools-for-stm32.13.3.rel1.linux64_1.0.0.202410170706/tools/bin/../lib/gcc/arm-none-eabi/13.3.1/../../../../arm-none-eabi/lib/thumb/v7e-m+fp/hard/libc_nano.a(libc_a-stdio.o)
                              /home/andy/st/stm32cubeide_1.18.0/plugins/com.st.stm32cube.ide.mcu.externaltools.gnu-tools-for-stm32.13.3.rel1.linux64_1.0.0.202410170706/tools/bin/../lib/gcc/arm-none-eabi/13.3.1/../../../../arm-none-eabi/lib/thumb/v7e-m+fp/hard/libc_nano.a(libc_a-findfp.o) (__sread)
/home/andy/st/stm32cubeide_1.18.0/plugins/com.st.stm32cube.ide.mcu.externaltools.gnu-tools-for-stm32.13.3.rel1.linux64_1.0.0.202410170706/tools/bin/../lib/gcc/arm-none-eabi/13.3.1/../../../../arm-none-eabi/lib/thumb/v7e-m+fp/hard/libc_nano.a(libc_a-memset.o)
                              /home/andy/st/stm32cubeide_1.18.0/plugins/com.st.stm32cube.ide.mcu.externaltools.gnu-tools-for-stm32.13.3.rel1.linux64_1.0.0.202410170706/tools/bin/../lib/gcc/arm-none-eabi/13.3.1/../../../../arm-none-eabi/lib/thumb/v7e-m+fp/hard/crt0.o (memset)
/home/andy/st/stm32cubeide_1.18.0/plugins/com.st.stm32cube.ide.mcu.externaltools.gnu-tools-for-stm32.13.3.rel1.linux64_1.0.0.202410170706/tools/bin/../lib/gcc/arm-none-eabi/13.3.1/../../../../arm-none-eabi/lib/thumb/v7e-m+fp/hard/libc_nano.a(libc_a-closer.o)
                              /home/andy/st/stm32cubeide_1.18.0/plugins/com.st.stm32cube.ide.mcu.externaltools.gnu-tools-for-stm32.13.3.rel1.linux64_1.0.0.202410170706/tools/bin/../lib/gcc/arm-none-eabi/13.3.1/../../../../arm-none-eabi/lib/thumb/v7e-m+fp/hard/libc_nano.a(libc_a-stdio.o) (_close_r)
/home/andy/st/stm32cubeide_1.18.0/plugins/com.st.stm32cube.ide.mcu.externaltools.gnu-tools-for-stm32.13.3.rel1.linux64_1.0.0.202410170706/tools/bin/../lib/gcc/arm-none-eabi/13.3.1/../../../../arm-none-eabi/lib/thumb/v7e-m+fp/hard/libc_nano.a(libc_a-reent.o)
                              /home/andy/st/stm32cubeide_1.18.0/plugins/com.st.stm32cube.ide.mcu.externaltools.gnu-tools-for-stm32.13.3.rel1.linux64_1.0.0.202410170706/tools/bin/../lib/gcc/arm-none-eabi/13.3.1/../../../../arm-none-eabi/lib/thumb/v7e-m+fp/hard/libc_nano.a(libc_a-closer.o) (errno)
/home/andy/st/stm32cubeide_1.18.0/plugins/com.st.stm32cube.ide.mcu.externaltools.gnu-tools-for-stm32.13.3.rel1.linux64_1.0.0.202410170706/tools/bin/../lib/gcc/arm-none-eabi/13.3.1/../../../../arm-none-eabi/lib/thumb/v7e-m+fp/hard/libc_nano.a(libc_a-impure.o)
                              /home/andy/st/stm32cubeide_1.18.0/plugins/com.st.stm32cube.ide.mcu.externaltools.gnu-tools-for-stm32.13.3.rel1.linux64_1.0.0.202410170706/tools/bin/../lib/gcc/arm-none-eabi/13.3.1/../../../../arm-none-eabi/lib/thumb/v7e-m+fp/hard/libc_nano.a(libc_a-reent.o) (_impure_ptr)
/home/andy/st/stm32cubeide_1.18.0/plugins/com.st.stm32cube.ide.mcu.externaltools.gnu-tools-for-stm32.13.3.rel1.linux64_1.0.0.202410170706/tools/bin/../lib/gcc/arm-none-eabi/13.3.1/../../../../arm-none-eabi/lib/thumb/v7e-m+fp/hard/libc_nano.a(libc_a-lseekr.o)
[...]
Memory Configuration

Name             Origin             Length             Attributes
RAM              0x20000000         0x00020000         xrw
FLASH            0x08000000         0x00080000         xr
*default*        0x00000000         0xffffffff

Linker script and memory map

LOAD /home/andy/st/stm32cubeide_1.18.0/plugins/com.st.stm32cube.ide.mcu.externaltools.gnu-tools-for-stm32.13.3.rel1.linux64_1.0.0.202410170706/tools/bin/../lib/gcc/arm-none-eabi/13.3.1/thumb/v7e-m+fp/hard/crti.o
LOAD /home/andy/st/stm32cubeide_1.18.0/plugins/com.st.stm32cube.ide.mcu.externaltools.gnu-tools-for-stm32.13.3.rel1.linux64_1.0.0.202410170706/tools/bin/../lib/gcc/arm-none-eabi/13.3.1/thumb/v7e-m+fp/hard/crtbegin.o
LOAD /home/andy/st/stm32cubeide_1.18.0/plugins/com.st.stm32cube.ide.mcu.externaltools.gnu-tools-for-stm32.13.3.rel1.linux64_1.0.0.202410170706/tools/bin/../lib/gcc/arm-none-eabi/13.3.1/../../../../arm-none-eabi/lib/thumb/v7e-m+fp/hard/crt0.o
LOAD ./Core/Src/fonts.o
LOAD ./Core/Src/main.o
LOAD ./Core/Src/st7735.o
LOAD ./Core/Src/stm32f4xx_hal_msp.o
LOAD ./Core/Src/stm32f4xx_it.o
LOAD ./Core/Src/syscalls.o
LOAD ./Core/Src/sysmem.o
LOAD ./Core/Src/system_stm32f4xx.o
LOAD ./Core/Startup/startup_stm32f446retx.o
LOAD ./Drivers/STM32F4xx_HAL_Driver/Src/stm32f4xx_hal.o
LOAD ./Drivers/STM32F4xx_HAL_Driver/Src/stm32f4xx_hal_cortex.o
LOAD ./Drivers/STM32F4xx_HAL_Driver/Src/stm32f4xx_hal_dma.o
LOAD ./Drivers/STM32F4xx_HAL_Driver/Src/stm32f4xx_hal_dma_ex.o
LOAD ./Drivers/STM32F4xx_HAL_Driver/Src/stm32f4xx_hal_exti.o
LOAD ./Drivers/STM32F4xx_HAL_Driver/Src/stm32f4xx_hal_flash.o
LOAD ./Drivers/STM32F4xx_HAL_Driver/Src/stm32f4xx_hal_flash_ex.o
LOAD ./Drivers/STM32F4xx_HAL_Driver/Src/stm32f4xx_hal_flash_ramfunc.o
LOAD ./Drivers/STM32F4xx_HAL_Driver/Src/stm32f4xx_hal_gpio.o
LOAD ./Drivers/STM32F4xx_HAL_Driver/Src/stm32f4xx_hal_pwr.o
LOAD ./Drivers/STM32F4xx_HAL_Driver/Src/stm32f4xx_hal_pwr_ex.o
LOAD ./Drivers/STM32F4xx_HAL_Driver/Src/stm32f4xx_hal_rcc.o
LOAD ./Drivers/STM32F4xx_HAL_Driver/Src/stm32f4xx_hal_rcc_ex.o
LOAD ./Drivers/STM32F4xx_HAL_Driver/Src/stm32f4xx_hal_spi.o
LOAD ./Drivers/STM32F4xx_HAL_Driver/Src/stm32f4xx_hal_tim.o
LOAD ./Drivers/STM32F4xx_HAL_Driver/Src/stm32f4xx_hal_tim_ex.o
LOAD ./Drivers/STM32F4xx_HAL_Driver/Src/stm32f4xx_hal_uart.o
START GROUP
LOAD /home/andy/st/stm32cubeide_1.18.0/plugins/com.st.stm32cube.ide.mcu.externaltools.gnu-tools-for-stm32.13.3.rel1.linux64_1.0.0.202410170706/tools/bin/../lib/gcc/arm-none-eabi/13.3.1/../../../../arm-none-eabi/lib/thumb/v7e-m+fp/hard/libc_nano.a
LOAD /home/andy/st/stm32cubeide_1.18.0/plugins/com.st.stm32cube.ide.mcu.externaltools.gnu-tools-for-stm32.13.3.rel1.linux64_1.0.0.202410170706/tools/bin/../lib/gcc/arm-none-eabi/13.3.1/../../../../arm-none-eabi/lib/thumb/v7e-m+fp/hard/libm.a
END GROUP
START GROUP
LOAD /home/andy/st/stm32cubeide_1.18.0/plugins/com.st.stm32cube.ide.mcu.externaltools.gnu-tools-for-stm32.13.3.rel1.linux64_1.0.0.202410170706/tools/bin/../lib/gcc/arm-none-eabi/13.3.1/thumb/v7e-m+fp/hard/libgcc.a
LOAD /home/andy/st/stm32cubeide_1.18.0/plugins/com.st.stm32cube.ide.mcu.externaltools.gnu-tools-for-stm32.13.3.rel1.linux64_1.0.0.202410170706/tools/bin/../lib/gcc/arm-none-eabi/13.3.1/../../../../arm-none-eabi/lib/thumb/v7e-m+fp/hard/libc_nano.a
END GROUP
START GROUP
LOAD /home/andy/st/stm32cubeide_1.18.0/plugins/com.st.stm32cube.ide.mcu.externaltools.gnu-tools-for-stm32.13.3.rel1.linux64_1.0.0.202410170706/tools/bin/../lib/gcc/arm-none-eabi/13.3.1/thumb/v7e-m+fp/hard/libgcc.a
LOAD /home/andy/st/stm32cubeide_1.18.0/plugins/com.st.stm32cube.ide.mcu.externaltools.gnu-tools-for-stm32.13.3.rel1.linux64_1.0.0.202410170706/tools/bin/../lib/gcc/arm-none-eabi/13.3.1/../../../../arm-none-eabi/lib/thumb/v7e-m+fp/hard/libc_nano.a
LOAD /home/andy/st/stm32cubeide_1.18.0/plugins/com.st.stm32cube.ide.mcu.externaltools.gnu-tools-for-stm32.13.3.rel1.linux64_1.0.0.202410170706/tools/bin/../lib/gcc/arm-none-eabi/13.3.1/../../../../arm-none-eabi/lib/thumb/v7e-m+fp/hard/libnosys.a
END GROUP
START GROUP
LOAD /home/andy/st/stm32cubeide_1.18.0/plugins/com.st.stm32cube.ide.mcu.externaltools.gnu-tools-for-stm32.13.3.rel1.linux64_1.0.0.202410170706/tools/bin/../lib/gcc/arm-none-eabi/13.3.1/thumb/v7e-m+fp/hard/libgcc.a
LOAD /home/andy/st/stm32cubeide_1.18.0/plugins/com.st.stm32cube.ide.mcu.externaltools.gnu-tools-for-stm32.13.3.rel1.linux64_1.0.0.202410170706/tools/bin/../lib/gcc/arm-none-eabi/13.3.1/../../../../arm-none-eabi/lib/thumb/v7e-m+fp/hard/libc_nano.a
LOAD /home/andy/st/stm32cubeide_1.18.0/plugins/com.st.stm32cube.ide.mcu.externaltools.gnu-tools-for-stm32.13.3.rel1.linux64_1.0.0.202410170706/tools/bin/../lib/gcc/arm-none-eabi/13.3.1/../../../../arm-none-eabi/lib/thumb/v7e-m+fp/hard/libnosys.a
END GROUP
LOAD /home/andy/st/stm32cubeide_1.18.0/plugins/com.st.stm32cube.ide.mcu.externaltools.gnu-tools-for-stm32.13.3.rel1.linux64_1.0.0.202410170706/tools/bin/../lib/gcc/arm-none-eabi/13.3.1/thumb/v7e-m+fp/hard/crtend.o
LOAD /home/andy/st/stm32cubeide_1.18.0/plugins/com.st.stm32cube.ide.mcu.externaltools.gnu-tools-for-stm32.13.3.rel1.linux64_1.0.0.202410170706/tools/bin/../lib/gcc/arm-none-eabi/13.3.1/thumb/v7e-m+fp/hard/crtn.o
                0x20020000                        _estack = (ORIGIN (RAM) + LENGTH (RAM))
                0x00000200                        _Min_Heap_Size = 0x200
                0x00000400                        _Min_Stack_Size = 0x400

.isr_vector     0x08000000      0x1c4
                0x08000000                        . = ALIGN (0x4)
 *(.isr_vector)
 .isr_vector    0x08000000      0x1c4 ./Core/Startup/startup_stm32f446retx.o
                0x08000000                g_pfnVectors
                0x080001c4                        . = ALIGN (0x4)

.text           0x080001c4     0x5a10
                0x080001c4                        . = ALIGN (0x4)
 *(.text)
 .text          0x080001c4       0x40 /home/andy/st/stm32cubeide_1.18.0/plugins/com.st.stm32cube.ide.mcu.externaltools.gnu-tools-for-stm32.13.3.rel1.linux64_1.0.0.202410170706/tools/bin/../lib/gcc/arm-none-eabi/13.3.1/thumb/v7e-m+fp/hard/crtbegin.o
 .text          0x08000204       0x30 /home/andy/st/stm32cubeide_1.18.0/plugins/com.st.stm32cube.ide.mcu.externaltools.gnu-tools-for-stm32.13.3.rel1.linux64_1.0.0.202410170706/tools/bin/../lib/gcc/arm-none-eabi/13.3.1/thumb/v7e-m+fp/hard/libgcc.a(_aeabi_uldivmod.o)
                0x08000204                __aeabi_uldivmod
 .text          0x08000234      0x2f8 /home/andy/st/stm32cubeide_1.18.0/plugins/com.st.stm32cube.ide.mcu.externaltools.gnu-tools-for-stm32.13.3.rel1.linux64_1.0.0.202410170706/tools/bin/../lib/gcc/arm-none-eabi/13.3.1/thumb/v7e-m+fp/hard/libgcc.a(_udivmoddi4.o)
                0x08000234                __udivmoddi4
 .text          0x0800052c        0x4 /home/andy/st/stm32cubeide_1.18.0/plugins/com.st.stm32cube.ide.mcu.externaltools.gnu-tools-for-stm32.13.3.rel1.linux64_1.0.0.202410170706/tools/bin/../lib/gcc/arm-none-eabi/13.3.1/thumb/v7e-m+fp/hard/libgcc.a(_dvmd_tls.o)
                0x0800052c                __aeabi_ldiv0
                0x0800052c                __aeabi_idiv0
 *(.text*)
 .text.demoTFT  0x08000530      0x438 ./Core/Src/main.o
                0x08000530                demoTFT
 .text.main     0x08000968       0x2e ./Core/Src/main.o
                0x08000968                main
 *fill*         0x08000996        0x2 
 .text.SystemClock_Config
                0x08000998       0xd8 ./Core/Src/main.o
                0x08000998                SystemClock_Config
 .text.MX_SPI1_Init
                0x08000a70       0x6c ./Core/Src/main.o
 .text.MX_TIM6_Init
                0x08000adc       0x68 ./Core/Src/main.o
 .text.MX_USART2_UART_Init
                0x08000b44       0x54 ./Core/Src/main.o
 .text.MX_DMA_Init
                0x08000b98       0x40 ./Core/Src/main.o
 .text.MX_GPIO_Init
                0x08000bd8      0x114 ./Core/Src/main.o
 .text.Error_Handler
                0x08000cec        0xe ./Core/Src/main.o
                0x08000cec                Error_Handler
 .text.assert_failed
                0x08000cfa       0x16 ./Core/Src/main.o
                0x08000cfa                assert_failed
 .text.ST7735_GPIO_Init
                0x08000d10        0xe ./Core/Src/st7735.o
 *fill*         0x08000d1e        0x2 
 .text.ST7735_Reset
                0x08000d20       0x24 ./Core/Src/st7735.o
 .text.ST7735_WriteCommand
                0x08000d44       0x30 ./Core/Src/st7735.o
 .text.ST7735_WriteData
                0x08000d74       0x40 ./Core/Src/st7735.o
 .text.ST7735_ExecuteCommandList
                0x08000db4       0x92 ./Core/Src/st7735.o
 *fill*         0x08000e46        0x2 
 .text.ST7735_SetAddressWindow
                0x08000e48       0x90 ./Core/Src/st7735.o
 .text.ST7735_WriteChar
                0x08000ed8       0xee ./Core/Src/st7735.o
 *fill*         0x08000fc6        0x2 
 .text.ST7735_Init
                0x08000fc8       0x44 ./Core/Src/st7735.o
                0x08000fc8                ST7735_Init
 .text.ST7735_DrawPixel
                0x0800100c       0x88 ./Core/Src/st7735.o
                0x0800100c                ST7735_DrawPixel
 .text.ST7735_DrawString
                0x08001094       0xb4 ./Core/Src/st7735.o
                0x08001094                ST7735_DrawString
 .text.ST7735_FillRectangle
                0x08001148      0x190 ./Core/Src/st7735.o
                0x08001148                ST7735_FillRectangle
 .text.ST7735_FillScreen
                0x080012d8       0x38 ./Core/Src/st7735.o
                0x080012d8                ST7735_FillScreen
 .text.ST7735_DrawImage
                0x08001310       0xc4 ./Core/Src/st7735.o
                0x08001310                ST7735_DrawImage
 .text.ST7735_Backlight_On
                0x080013d4       0x1c ./Core/Src/st7735.o
                0x080013d4                ST7735_Backlight_On
 .text.ST7735_DrawCircle
                0x080013f0      0x1a4 ./Core/Src/st7735.o
                0x080013f0                ST7735_DrawCircle
 .text.ST7735_FillTriangle
                0x08001594      0x2ca ./Core/Src/st7735.o
                0x08001594                ST7735_FillTriangle
 .text.ST7735_DrawLine
                0x0800185e      0x13c ./Core/Src/st7735.o
                0x0800185e                ST7735_DrawLine
 *fill*         0x0800199a        0x2 
 .text.ST7735_DrawFastVLine
                0x0800199c       0x84 ./Core/Src/st7735.o
                0x0800199c                ST7735_DrawFastVLine
 .text.ST7735_DrawFastHLine
                0x08001a20       0x80 ./Core/Src/st7735.o
                0x08001a20                ST7735_DrawFastHLine
 .text.ST7735_SetRotation
                0x08001aa0      0x150 ./Core/Src/st7735.o
                0x08001aa0                ST7735_SetRotation
 .text.ST7735_GetHeight
                0x08001bf0       0x18 ./Core/Src/st7735.o
                0x08001bf0                ST7735_GetHeight
 .text.ST7735_GetWidth
                0x08001c08       0x18 ./Core/Src/st7735.o
                0x08001c08                ST7735_GetWidth
 .text.HAL_MspInit
                0x08001c20       0x50 ./Core/Src/stm32f4xx_hal_msp.o
                0x08001c20                HAL_MspInit
 .text.HAL_SPI_MspInit
                0x08001c70       0xf4 ./Core/Src/stm32f4xx_hal_msp.o
                0x08001c70                HAL_SPI_MspInit
 .text.HAL_TIM_Base_MspInit
                0x08001d64       0x50 ./Core/Src/stm32f4xx_hal_msp.o
                0x08001d64                HAL_TIM_Base_MspInit
 .text.HAL_UART_MspInit
                0x08001db4       0x90 ./Core/Src/stm32f4xx_hal_msp.o
                0x08001db4                HAL_UART_MspInit
 .text.NMI_Handler
                0x08001e44        0x8 ./Core/Src/stm32f4xx_it.o
                0x08001e44                NMI_Handler
 .text.HardFault_Handler
                0x08001e4c        0x8 ./Core/Src/stm32f4xx_it.o
                0x08001e4c                HardFault_Handler
 .text.MemManage_Handler
                0x08001e54        0x8 ./Core/Src/stm32f4xx_it.o
                0x08001e54                MemManage_Handler
 .text.BusFault_Handler
                0x08001e5c        0x8 ./Core/Src/stm32f4xx_it.o
                0x08001e5c                BusFault_Handler
 .text.UsageFault_Handler
                0x08001e64        0x8 ./Core/Src/stm32f4xx_it.o
                0x08001e64                UsageFault_Handler
 .text.SVC_Handler
                0x08001e6c        0xe ./Core/Src/stm32f4xx_it.o
                0x08001e6c                SVC_Handler
 .text.DebugMon_Handler
                0x08001e7a        0xe ./Core/Src/stm32f4xx_it.o
                0x08001e7a                DebugMon_Handler
 .text.PendSV_Handler
                0x08001e88        0xe ./Core/Src/stm32f4xx_it.o
                0x08001e88                PendSV_Handler
 .text.SysTick_Handler
                0x08001e96        0xc ./Core/Src/stm32f4xx_it.o
                0x08001e96                SysTick_Handler
 *fill*         0x08001ea2        0x2 
 .text.TIM6_DAC_IRQHandler
                0x08001ea4       0x14 ./Core/Src/stm32f4xx_it.o
                0x08001ea4                TIM6_DAC_IRQHandler
 .text.DMA2_Stream3_IRQHandler
                0x08001eb8       0x14 ./Core/Src/stm32f4xx_it.o
                0x08001eb8                DMA2_Stream3_IRQHandler
 .text.SystemInit
                0x08001ecc       0x24 ./Core/Src/system_stm32f4xx.o
                0x08001ecc                SystemInit
 .text.Reset_Handler
                0x08001ef0       0x50 ./Core/Startup/startup_stm32f446retx.o
                0x08001ef0                Reset_Handler
 .text.Default_Handler
                0x08001f40        0x2 ./Core/Startup/startup_stm32f446retx.o
                0x08001f40                RTC_Alarm_IRQHandler
                0x08001f40                EXTI2_IRQHandler
                0x08001f40                TIM8_CC_IRQHandler
                0x08001f40                FMPI2C1_EV_IRQHandler
                0x08001f40                SPI4_IRQHandler
                0x08001f40                TIM1_CC_IRQHandler
                0x08001f40                DMA2_Stream5_IRQHandler
                0x08001f40                DMA1_Stream5_IRQHandler
                0x08001f40                PVD_IRQHandler
                0x08001f40                SDIO_IRQHandler
                0x08001f40                TAMP_STAMP_IRQHandler
                0x08001f40                CAN2_RX1_IRQHandler
                0x08001f40                EXTI3_IRQHandler
                0x08001f40                TIM8_TRG_COM_TIM14_IRQHandler
                0x08001f40                TIM1_UP_TIM10_IRQHandler
                0x08001f40                TIM8_UP_TIM13_IRQHandler
                0x08001f40                I2C3_ER_IRQHandler
                0x08001f40                EXTI0_IRQHandler
                0x08001f40                I2C2_EV_IRQHandler
                0x08001f40                DMA1_Stream2_IRQHandler
                0x08001f40                CAN1_RX0_IRQHandler
                0x08001f40                FPU_IRQHandler
                0x08001f40                OTG_HS_WKUP_IRQHandler
                0x08001f40                CAN2_SCE_IRQHandler
                0x08001f40                DMA2_Stream2_IRQHandler
                0x08001f40                SPI1_IRQHandler
                0x08001f40                TIM1_BRK_TIM9_IRQHandler
                0x08001f40                DCMI_IRQHandler
                0x08001f40                CAN2_RX0_IRQHandler
                0x08001f40                SAI2_IRQHandler
                0x08001f40                USART6_IRQHandler
                0x08001f40                USART3_IRQHandler
                0x08001f40                CAN1_RX1_IRQHandler
                0x08001f40                UART5_IRQHandler
                0x08001f40                DMA2_Stream0_IRQHandler
                0x08001f40                TIM4_IRQHandler
                0x08001f40                QUADSPI_IRQHandler
                0x08001f40                I2C1_EV_IRQHandler
                0x08001f40                DMA1_Stream6_IRQHandler
                0x08001f40                DMA1_Stream1_IRQHandler
                0x08001f40                UART4_IRQHandler
                0x08001f40                TIM3_IRQHandler
                0x08001f40                RCC_IRQHandler
                0x08001f40                TIM8_BRK_TIM12_IRQHandler
                0x08001f40                Default_Handler
                0x08001f40                CEC_IRQHandler
                0x08001f40                EXTI15_10_IRQHandler
                0x08001f40                ADC_IRQHandler
                0x08001f40                DMA1_Stream7_IRQHandler
                0x08001f40                TIM7_IRQHandler
                0x08001f40                CAN2_TX_IRQHandler
                0x08001f40                TIM5_IRQHandler
                0x08001f40                DMA2_Stream7_IRQHandler
                0x08001f40                I2C3_EV_IRQHandler
                0x08001f40                EXTI9_5_IRQHandler
                0x08001f40                RTC_WKUP_IRQHandler
                0x08001f40                SPDIF_RX_IRQHandler
                0x08001f40                SPI2_IRQHandler
                0x08001f40                OTG_HS_EP1_IN_IRQHandler
                0x08001f40                DMA1_Stream0_IRQHandler
                0x08001f40                CAN1_TX_IRQHandler
                0x08001f40                FMPI2C1_ER_IRQHandler
                0x08001f40                EXTI4_IRQHandler
                0x08001f40                OTG_HS_EP1_OUT_IRQHandler
                0x08001f40                WWDG_IRQHandler
                0x08001f40                TIM2_IRQHandler
                0x08001f40                OTG_FS_WKUP_IRQHandler
                0x08001f40                TIM1_TRG_COM_TIM11_IRQHandler
                0x08001f40                OTG_HS_IRQHandler
                0x08001f40                EXTI1_IRQHandler
                0x08001f40                USART2_IRQHandler
                0x08001f40                I2C2_ER_IRQHandler
                0x08001f40                DMA2_Stream1_IRQHandler
                0x08001f40                CAN1_SCE_IRQHandler
                0x08001f40                FLASH_IRQHandler
                0x08001f40                DMA2_Stream4_IRQHandler
                0x08001f40                USART1_IRQHandler
                0x08001f40                OTG_FS_IRQHandler
                0x08001f40                SPI3_IRQHandler
                0x08001f40                DMA1_Stream4_IRQHandler
                0x08001f40                I2C1_ER_IRQHandler
                0x08001f40                FMC_IRQHandler
                0x08001f40                DMA2_Stream6_IRQHandler
                0x08001f40                SAI1_IRQHandler
                0x08001f40                DMA1_Stream3_IRQHandler
 *fill*         0x08001f42        0x2 
 .text.HAL_Init
                0x08001f44       0x44 ./Drivers/STM32F4xx_HAL_Driver/Src/stm32f4xx_hal.o
                0x08001f44                HAL_Init
 .text.HAL_InitTick
                0x08001f88       0x60 ./Drivers/STM32F4xx_HAL_Driver/Src/stm32f4xx_hal.o
                0x08001f88                HAL_InitTick
 .text.HAL_IncTick
                0x08001fe8       0x28 ./Drivers/STM32F4xx_HAL_Driver/Src/stm32f4xx_hal.o
                0x08001fe8                HAL_IncTick
 .text.HAL_GetTick
                0x08002010       0x18 ./Drivers/STM32F4xx_HAL_Driver/Src/stm32f4xx_hal.o
                0x08002010                HAL_GetTick
 .text.HAL_Delay
                0x08002028       0x48 ./Drivers/STM32F4xx_HAL_Driver/Src/stm32f4xx_hal.o
                0x08002028                HAL_Delay
 .text.__NVIC_SetPriorityGrouping
                0x08002070       0x48 ./Drivers/STM32F4xx_HAL_Driver/Src/stm32f4xx_hal_cortex.o
 .text.__NVIC_GetPriorityGrouping
                0x080020b8       0x1c ./Drivers/STM32F4xx_HAL_Driver/Src/stm32f4xx_hal_cortex.o
 .text.__NVIC_EnableIRQ
                0x080020d4       0x3c ./Drivers/STM32F4xx_HAL_Driver/Src/stm32f4xx_hal_cortex.o
 .text.__NVIC_SetPriority
                0x08002110       0x54 ./Drivers/STM32F4xx_HAL_Driver/Src/stm32f4xx_hal_cortex.o
 .text.NVIC_EncodePriority
                0x08002164       0x66 ./Drivers/STM32F4xx_HAL_Driver/Src/stm32f4xx_hal_cortex.o
 *fill*         0x080021ca        0x2 
 .text.SysTick_Config
                0x080021cc       0x44 ./Drivers/STM32F4xx_HAL_Driver/Src/stm32f4xx_hal_cortex.o
 .text.HAL_NVIC_SetPriorityGrouping
                0x08002210       0x40 ./Drivers/STM32F4xx_HAL_Driver/Src/stm32f4xx_hal_cortex.o
                0x08002210                HAL_NVIC_SetPriorityGrouping
 .text.HAL_NVIC_SetPriority
                0x08002250       0x58 ./Drivers/STM32F4xx_HAL_Driver/Src/stm32f4xx_hal_cortex.o
                0x08002250                HAL_NVIC_SetPriority
 .text.HAL_NVIC_EnableIRQ
                0x080022a8       0x30 ./Drivers/STM32F4xx_HAL_Driver/Src/stm32f4xx_hal_cortex.o
                0x080022a8                HAL_NVIC_EnableIRQ
 .text.HAL_SYSTICK_Config
                0x080022d8       0x18 ./Drivers/STM32F4xx_HAL_Driver/Src/stm32f4xx_hal_cortex.o
                0x080022d8                HAL_SYSTICK_Config
 .text.HAL_DMA_Init
                0x080022f0      0x434 ./Drivers/STM32F4xx_HAL_Driver/Src/stm32f4xx_hal_dma.o
                0x080022f0                HAL_DMA_Init
 .text.HAL_DMA_Start_IT
                0x08002724       0xcc ./Drivers/STM32F4xx_HAL_Driver/Src/stm32f4xx_hal_dma.o
                0x08002724                HAL_DMA_Start_IT
 .text.HAL_DMA_IRQHandler
                0x080027f0      0x314 ./Drivers/STM32F4xx_HAL_Driver/Src/stm32f4xx_hal_dma.o
                0x080027f0                HAL_DMA_IRQHandler
 .text.DMA_SetConfig
                0x08002b04       0x5c ./Drivers/STM32F4xx_HAL_Driver/Src/stm32f4xx_hal_dma.o
 .text.DMA_CalcBaseAndBitshift
                0x08002b60       0x6c ./Drivers/STM32F4xx_HAL_Driver/Src/stm32f4xx_hal_dma.o
 .text.DMA_CheckFifoParam
                0x08002bcc       0xf8 ./Drivers/STM32F4xx_HAL_Driver/Src/stm32f4xx_hal_dma.o
 .text.HAL_GPIO_Init
                0x08002cc4      0x644 ./Drivers/STM32F4xx_HAL_Driver/Src/stm32f4xx_hal_gpio.o
                0x08002cc4                HAL_GPIO_Init
 .text.HAL_GPIO_WritePin
                0x08003308       0x58 ./Drivers/STM32F4xx_HAL_Driver/Src/stm32f4xx_hal_gpio.o
                0x08003308                HAL_GPIO_WritePin
 .text.HAL_RCC_ClockConfig
                0x08003360      0x34c ./Drivers/STM32F4xx_HAL_Driver/Src/stm32f4xx_hal_rcc.o
                0x08003360                HAL_RCC_ClockConfig
 .text.HAL_RCC_GetHCLKFreq
                0x080036ac       0x18 ./Drivers/STM32F4xx_HAL_Driver/Src/stm32f4xx_hal_rcc.o
                0x080036ac                HAL_RCC_GetHCLKFreq
 .text.HAL_RCC_GetPCLK1Freq
                0x080036c4       0x28 ./Drivers/STM32F4xx_HAL_Driver/Src/stm32f4xx_hal_rcc.o
                0x080036c4                HAL_RCC_GetPCLK1Freq
 .text.HAL_RCC_GetPCLK2Freq
                0x080036ec       0x28 ./Drivers/STM32F4xx_HAL_Driver/Src/stm32f4xx_hal_rcc.o
                0x080036ec                HAL_RCC_GetPCLK2Freq
 .text.HAL_RCC_GetSysClockFreq
                0x08003714      0x460 ./Drivers/STM32F4xx_HAL_Driver/Src/stm32f4xx_hal_rcc_ex.o
                0x08003714                HAL_RCC_GetSysClockFreq
 .text.HAL_RCC_OscConfig
                0x08003b74      0x6c0 ./Drivers/STM32F4xx_HAL_Driver/Src/stm32f4xx_hal_rcc_ex.o
                0x08003b74                HAL_RCC_OscConfig
 .text.HAL_SPI_Init
                0x08004234      0x328 ./Drivers/STM32F4xx_HAL_Driver/Src/stm32f4xx_hal_spi.o
                0x08004234                HAL_SPI_Init
 .text.HAL_SPI_Transmit
                0x0800455c      0x2a8 ./Drivers/STM32F4xx_HAL_Driver/Src/stm32f4xx_hal_spi.o
                0x0800455c                HAL_SPI_Transmit
 .text.HAL_SPI_Transmit_DMA
                0x08004804      0x194 ./Drivers/STM32F4xx_HAL_Driver/Src/stm32f4xx_hal_spi.o
                0x08004804                HAL_SPI_Transmit_DMA
 .text.HAL_SPI_TxCpltCallback
                0x08004998       0x14 ./Drivers/STM32F4xx_HAL_Driver/Src/stm32f4xx_hal_spi.o
                0x08004998                HAL_SPI_TxCpltCallback
 .text.HAL_SPI_TxHalfCpltCallback
                0x080049ac       0x14 ./Drivers/STM32F4xx_HAL_Driver/Src/stm32f4xx_hal_spi.o
                0x080049ac                HAL_SPI_TxHalfCpltCallback
 .text.HAL_SPI_ErrorCallback
                0x080049c0       0x14 ./Drivers/STM32F4xx_HAL_Driver/Src/stm32f4xx_hal_spi.o
                0x080049c0                HAL_SPI_ErrorCallback
 .text.SPI_DMATransmitCplt
                0x080049d4       0xa8 ./Drivers/STM32F4xx_HAL_Driver/Src/stm32f4xx_hal_spi.o
 .text.SPI_DMAHalfTransmitCplt
                0x08004a7c       0x1c ./Drivers/STM32F4xx_HAL_Driver/Src/stm32f4xx_hal_spi.o
 .text.SPI_DMAError
                0x08004a98       0x40 ./Drivers/STM32F4xx_HAL_Driver/Src/stm32f4xx_hal_spi.o
 .text.SPI_WaitFlagStateUntilTimeout
                0x08004ad8      0x110 ./Drivers/STM32F4xx_HAL_Driver/Src/stm32f4xx_hal_spi.o
 .text.SPI_EndRxTxTransaction
                0x08004be8       0xa8 ./Drivers/STM32F4xx_HAL_Driver/Src/stm32f4xx_hal_spi.o
 .text.HAL_TIM_Base_Init
                0x08004c90      0x230 ./Drivers/STM32F4xx_HAL_Driver/Src/stm32f4xx_hal_tim.o
                0x08004c90                HAL_TIM_Base_Init
 .text.HAL_TIM_IRQHandler
                0x08004ec0      0x1e0 ./Drivers/STM32F4xx_HAL_Driver/Src/stm32f4xx_hal_tim.o
                0x08004ec0                HAL_TIM_IRQHandler
 .text.HAL_TIM_PeriodElapsedCallback
                0x080050a0       0x14 ./Drivers/STM32F4xx_HAL_Driver/Src/stm32f4xx_hal_tim.o
                0x080050a0                HAL_TIM_PeriodElapsedCallback
 .text.HAL_TIM_OC_DelayElapsedCallback
                0x080050b4       0x14 ./Drivers/STM32F4xx_HAL_Driver/Src/stm32f4xx_hal_tim.o
                0x080050b4                HAL_TIM_OC_DelayElapsedCallback
 .text.HAL_TIM_IC_CaptureCallback
                0x080050c8       0x14 ./Drivers/STM32F4xx_HAL_Driver/Src/stm32f4xx_hal_tim.o
                0x080050c8                HAL_TIM_IC_CaptureCallback
 .text.HAL_TIM_PWM_PulseFinishedCallback
                0x080050dc       0x14 ./Drivers/STM32F4xx_HAL_Driver/Src/stm32f4xx_hal_tim.o
                0x080050dc                HAL_TIM_PWM_PulseFinishedCallback
 .text.HAL_TIM_TriggerCallback
                0x080050f0       0x14 ./Drivers/STM32F4xx_HAL_Driver/Src/stm32f4xx_hal_tim.o
                0x080050f0                HAL_TIM_TriggerCallback
 .text.TIM_Base_SetConfig
                0x08005104      0x14c ./Drivers/STM32F4xx_HAL_Driver/Src/stm32f4xx_hal_tim.o
                0x08005104                TIM_Base_SetConfig
 .text.HAL_TIMEx_MasterConfigSynchronization
                0x08005250      0x1bc ./Drivers/STM32F4xx_HAL_Driver/Src/stm32f4xx_hal_tim_ex.o
                0x08005250                HAL_TIMEx_MasterConfigSynchronization
 .text.HAL_TIMEx_CommutCallback
                0x0800540c       0x14 ./Drivers/STM32F4xx_HAL_Driver/Src/stm32f4xx_hal_tim_ex.o
                0x0800540c                HAL_TIMEx_CommutCallback
 .text.HAL_TIMEx_BreakCallback
                0x08005420       0x14 ./Drivers/STM32F4xx_HAL_Driver/Src/stm32f4xx_hal_tim_ex.o
                0x08005420                HAL_TIMEx_BreakCallback
 .text.HAL_UART_Init
                0x08005434      0x1bc ./Drivers/STM32F4xx_HAL_Driver/Src/stm32f4xx_hal_uart.o
                0x08005434                HAL_UART_Init
 .text.UART_SetConfig
                0x080055f0      0x574 ./Drivers/STM32F4xx_HAL_Driver/Src/stm32f4xx_hal_uart.o
 .text.memset   0x08005b64       0x10 /home/andy/st/stm32cubeide_1.18.0/plugins/com.st.stm32cube.ide.mcu.externaltools.gnu-tools-for-stm32.13.3.rel1.linux64_1.0.0.202410170706/tools/bin/../lib/gcc/arm-none-eabi/13.3.1/../../../../arm-none-eabi/lib/thumb/v7e-m+fp/hard/libc_nano.a(libc_a-memset.o)
                0x08005b64                memset
 .text.__libc_init_array
                0x08005b74       0x48 /home/andy/st/stm32cubeide_1.18.0/plugins/com.st.stm32cube.ide.mcu.externaltools.gnu-tools-for-stm32.13.3.rel1.linux64_1.0.0.202410170706/tools/bin/../lib/gcc/arm-none-eabi/13.3.1/../../../../arm-none-eabi/lib/thumb/v7e-m+fp/hard/libc_nano.a(libc_a-init.o)
                0x08005b74                __libc_init_array
 *(.glue_7)
 .glue_7        0x08005bbc        0x0 linker stubs
 *(.glue_7t)
 .glue_7t       0x08005bbc        0x0 linker stubs
 *(.eh_frame)
 .eh_frame      0x08005bbc        0x0 /home/andy/st/stm32cubeide_1.18.0/plugins/com.st.stm32cube.ide.mcu.externaltools.gnu-tools-for-stm32.13.3.rel1.linux64_1.0.0.202410170706/tools/bin/../lib/gcc/arm-none-eabi/13.3.1/thumb/v7e-m+fp/hard/crtbegin.o
 *(.init)
 .init          0x08005bbc        0x4 /home/andy/st/stm32cubeide_1.18.0/plugins/com.st.stm32cube.ide.mcu.externaltools.gnu-tools-for-stm32.13.3.rel1.linux64_1.0.0.202410170706/tools/bin/../lib/gcc/arm-none-eabi/13.3.1/thumb/v7e-m+fp/hard/crti.o
                0x08005bbc                _init
 .init          0x08005bc0        0x8 /home/andy/st/stm32cubeide_1.18.0/plugins/com.st.stm32cube.ide.mcu.externaltools.gnu-tools-for-stm32.13.3.rel1.linux64_1.0.0.202410170706/tools/bin/../lib/gcc/arm-none-eabi/13.3.1/thumb/v7e-m+fp/hard/crtn.o
 *(.fini)
 .fini          0x08005bc8        0x4 /home/andy/st/stm32cubeide_1.18.0/plugins/com.st.stm32cube.ide.mcu.externaltools.gnu-tools-for-stm32.13.3.rel1.linux64_1.0.0.202410170706/tools/bin/../lib/gcc/arm-none-eabi/13.3.1/thumb/v7e-m+fp/hard/crti.o
                0x08005bc8                _fini
 .fini          0x08005bcc        0x8 /home/andy/st/stm32cubeide_1.18.0/plugins/com.st.stm32cube.ide.mcu.externaltools.gnu-tools-for-stm32.13.3.rel1.linux64_1.0.0.202410170706/tools/bin/../lib/gcc/arm-none-eabi/13.3.1/thumb/v7e-m+fp/hard/crtn.o
                0x08005bd4                        . = ALIGN (0x4)
                0x08005bd4                        _etext = .

.vfp11_veneer   0x08005bd4        0x0
 .vfp11_veneer  0x08005bd4        0x0 linker stubs

.v4_bx          0x08005bd4        0x0
 .v4_bx         0x08005bd4        0x0 linker stubs

.iplt           0x08005bd4        0x0
 .iplt          0x08005bd4        0x0 /home/andy/st/stm32cubeide_1.18.0/plugins/com.st.stm32cube.ide.mcu.externaltools.gnu-tools-for-stm32.13.3.rel1.linux64_1.0.0.202410170706/tools/bin/../lib/gcc/arm-none-eabi/13.3.1/thumb/v7e-m+fp/hard/crtbegin.o

.rodata         0x08005bd4     0xab54
                0x08005bd4                        . = ALIGN (0x4)
 *(.rodata)
 .rodata        0x08005bd4       0x9a ./Core/Src/main.o
 *fill*         0x08005c6e        0x2 
 .rodata        0x08005c70       0x3b ./Drivers/STM32F4xx_HAL_Driver/Src/stm32f4xx_hal_cortex.o
 *fill*         0x08005cab        0x1 
 .rodata        0x08005cac       0x38 ./Drivers/STM32F4xx_HAL_Driver/Src/stm32f4xx_hal_dma.o
 .rodata        0x08005ce4       0x39 ./Drivers/STM32F4xx_HAL_Driver/Src/stm32f4xx_hal_gpio.o
 *fill*         0x08005d1d        0x3 
 .rodata        0x08005d20       0x38 ./Drivers/STM32F4xx_HAL_Driver/Src/stm32f4xx_hal_rcc.o
 .rodata        0x08005d58       0x3b ./Drivers/STM32F4xx_HAL_Driver/Src/stm32f4xx_hal_rcc_ex.o
 *fill*         0x08005d93        0x1 
 .rodata        0x08005d94       0x38 ./Drivers/STM32F4xx_HAL_Driver/Src/stm32f4xx_hal_spi.o
 .rodata        0x08005dcc       0x38 ./Drivers/STM32F4xx_HAL_Driver/Src/stm32f4xx_hal_tim.o
 .rodata        0x08005e04       0x3b ./Drivers/STM32F4xx_HAL_Driver/Src/stm32f4xx_hal_tim_ex.o
 *fill*         0x08005e3f        0x1 
 .rodata        0x08005e40       0x39 ./Drivers/STM32F4xx_HAL_Driver/Src/stm32f4xx_hal_uart.o
 *(.rodata*)
 *fill*         0x08005e79        0x3 
 .rodata.Font7x10
                0x08005e7c      0x76c ./Core/Src/fonts.o
 .rodata.Font11x18
                0x080065e8      0xd5c ./Core/Src/fonts.o
 .rodata.Font16x26
                0x08007344     0x134c ./Core/Src/fonts.o
 .rodata.test_img_128x128
                0x08008690     0x8000 ./Core/Src/main.o
                0x08008690                test_img_128x128
 .rodata.init_cmds1
                0x08010690       0x3b ./Core/Src/st7735.o
 *fill*         0x080106cb        0x1 
 .rodata.init_cmds2
                0x080106cc        0xd ./Core/Src/st7735.o
 *fill*         0x080106d9        0x3 
 .rodata.init_cmds3
                0x080106dc       0x2b ./Core/Src/st7735.o
 *fill*         0x08010707        0x1 
 .rodata.AHBPrescTable
                0x08010708       0x10 ./Core/Src/system_stm32f4xx.o
                0x08010708                AHBPrescTable
 .rodata.APBPrescTable
                0x08010718        0x8 ./Core/Src/system_stm32f4xx.o
                0x08010718                APBPrescTable
 .rodata.flagBitshiftOffset.0
                0x08010720        0x8 ./Drivers/STM32F4xx_HAL_Driver/Src/stm32f4xx_hal_dma.o
                0x08010728                        . = ALIGN (0x4)

.ARM.extab      0x08010728        0x0
                0x08010728                        . = ALIGN (0x4)
 *(.ARM.extab* .gnu.linkonce.armextab.*)
                0x08010728                        . = ALIGN (0x4)

.ARM            0x08010728        0x8
                0x08010728                        . = ALIGN (0x4)
                0x08010728                        __exidx_start = .
 *(.ARM.exidx*)
 .ARM.exidx     0x08010728        0x8 /home/andy/st/stm32cubeide_1.18.0/plugins/com.st.stm32cube.ide.mcu.externaltools.gnu-tools-for-stm32.13.3.rel1.linux64_1.0.0.202410170706/tools/bin/../lib/gcc/arm-none-eabi/13.3.1/thumb/v7e-m+fp/hard/libgcc.a(_udivmoddi4.o)
                0x08010730                        __exidx_end = .
                0x08010730                        . = ALIGN (0x4)

.preinit_array  0x08010730        0x0
                0x08010730                        . = ALIGN (0x4)
                0x08010730                        PROVIDE (__preinit_array_start = .)
 *(.preinit_array*)
                0x08010730                        PROVIDE (__preinit_array_end = .)
                0x08010730                        . = ALIGN (0x4)

.init_array     0x08010730        0x4
                0x08010730                        . = ALIGN (0x4)
                0x08010730                        PROVIDE (__init_array_start = .)
 *(SORT_BY_NAME(.init_array.*))
 *(.init_array*)
 .init_array    0x08010730        0x4 /home/andy/st/stm32cubeide_1.18.0/plugins/com.st.stm32cube.ide.mcu.externaltools.gnu-tools-for-stm32.13.3.rel1.linux64_1.0.0.202410170706/tools/bin/../lib/gcc/arm-none-eabi/13.3.1/thumb/v7e-m+fp/hard/crtbegin.o
                0x08010734                        PROVIDE (__init_array_end = .)
                0x08010734                        . = ALIGN (0x4)

.fini_array     0x08010734        0x4
                0x08010734                        . = ALIGN (0x4)
                [!provide]                        PROVIDE (__fini_array_start = .)
 *(SORT_BY_NAME(.fini_array.*))
 *(.fini_array*)
 .fini_array    0x08010734        0x4 /home/andy/st/stm32cubeide_1.18.0/plugins/com.st.stm32cube.ide.mcu.externaltools.gnu-tools-for-stm32.13.3.rel1.linux64_1.0.0.202410170706/tools/bin/../lib/gcc/arm-none-eabi/13.3.1/thumb/v7e-m+fp/hard/crtbegin.o
                [!provide]                        PROVIDE (__fini_array_end = .)
                0x08010738                        . = ALIGN (0x4)
                0x08010738                        _sidata = LOADADDR (.data)

.rel.dyn        0x08010738        0x0
 .rel.iplt      0x08010738        0x0 /home/andy/st/stm32cubeide_1.18.0/plugins/com.st.stm32cube.ide.mcu.externaltools.gnu-tools-for-stm32.13.3.rel1.linux64_1.0.0.202410170706/tools/bin/../lib/gcc/arm-none-eabi/13.3.1/thumb/v7e-m+fp/hard/crtbegin.o

.data           0x20000000       0x2c load address 0x08010738
                0x20000000                        . = ALIGN (0x4)
                0x20000000                        _sdata = .
 *(.data)
 *(.data*)
 .data.Font_7x10
                0x20000000        0x8 ./Core/Src/fonts.o
                0x20000000                Font_7x10
 .data.Font_11x18
                0x20000008        0x8 ./Core/Src/fonts.o
                0x20000008                Font_11x18
 .data.Font_16x26
                0x20000010        0x8 ./Core/Src/fonts.o
                0x20000010                Font_16x26
 .data._data_rotation
                0x20000018        0x4 ./Core/Src/st7735.o
 .data._height  0x2000001c        0x2 ./Core/Src/st7735.o
 .data._width   0x2000001e        0x2 ./Core/Src/st7735.o
 .data.SystemCoreClock
                0x20000020        0x4 ./Core/Src/system_stm32f4xx.o
                0x20000020                SystemCoreClock
 .data.uwTickPrio
                0x20000024        0x4 ./Drivers/STM32F4xx_HAL_Driver/Src/stm32f4xx_hal.o
                0x20000024                uwTickPrio
 .data.uwTickFreq
                0x20000028        0x1 ./Drivers/STM32F4xx_HAL_Driver/Src/stm32f4xx_hal.o
                0x20000028                uwTickFreq
 *(.RamFunc)
 *(.RamFunc*)
                0x2000002c                        . = ALIGN (0x4)
 *fill*         0x20000029        0x3 
                0x2000002c                        _edata = .

.igot.plt       0x2000002c        0x0 load address 0x08010764
 .igot.plt      0x2000002c        0x0 /home/andy/st/stm32cubeide_1.18.0/plugins/com.st.stm32cube.ide.mcu.externaltools.gnu-tools-for-stm32.13.3.rel1.linux64_1.0.0.202410170706/tools/bin/../lib/gcc/arm-none-eabi/13.3.1/thumb/v7e-m+fp/hard/crtbegin.o
                0x2000002c                        . = ALIGN (0x4)

.bss            0x2000002c      0x170 load address 0x08010764
                0x2000002c                        _sbss = .
                0x2000002c                        __bss_start__ = _sbss
 *(.bss)
 .bss           0x2000002c       0x1c /home/andy/st/stm32cubeide_1.18.0/plugins/com.st.stm32cube.ide.mcu.externaltools.gnu-tools-for-stm32.13.3.rel1.linux64_1.0.0.202410170706/tools/bin/../lib/gcc/arm-none-eabi/13.3.1/thumb/v7e-m+fp/hard/crtbegin.o
 *(.bss*)
 .bss.r         0x20000048        0x1 ./Core/Src/main.o
                0x20000048                r
 *fill*         0x20000049        0x3 
 .bss.hspi1     0x2000004c       0x58 ./Core/Src/main.o
                0x2000004c                hspi1
 .bss.hdma_spi1_tx
                0x200000a4       0x60 ./Core/Src/main.o
                0x200000a4                hdma_spi1_tx
 .bss.htim6     0x20000104       0x48 ./Core/Src/main.o
                0x20000104                htim6
 .bss.huart2    0x2000014c       0x48 ./Core/Src/main.o
                0x2000014c                huart2
 .bss._value_rotation
                0x20000194        0x1 ./Core/Src/st7735.o
 .bss._xstart   0x20000195        0x1 ./Core/Src/st7735.o
 .bss._ystart   0x20000196        0x1 ./Core/Src/st7735.o
 *fill*         0x20000197        0x1 
 .bss.uwTick    0x20000198        0x4 ./Drivers/STM32F4xx_HAL_Driver/Src/stm32f4xx_hal.o
                0x20000198                uwTick
 *(COMMON)
                0x2000019c                        . = ALIGN (0x4)
                0x2000019c                        _ebss = .
                0x2000019c                        __bss_end__ = _ebss

._user_heap_stack
                0x2000019c      0x604 load address 0x08010764
                0x200001a0                        . = ALIGN (0x8)
 *fill*         0x2000019c        0x4 
                [!provide]                        PROVIDE (end = .)
                0x200001a0                        PROVIDE (_end = .)
                0x200003a0                        . = (. + _Min_Heap_Size)
 *fill*         0x200001a0      0x200 
                0x200007a0                        . = (. + _Min_Stack_Size)
 *fill*         0x200003a0      0x400 
                0x200007a0                        . = ALIGN (0x8)

/DISCARD/
 libc.a(*)
 libm.a(*)
 libgcc.a(*)

.ARM.attributes
                0x00000000       0x30
 *(.ARM.attributes)
 .ARM.attributes
                0x00000000       0x22 /home/andy/st/stm32cubeide_1.18.0/plugins/com.st.stm32cube.ide.mcu.externaltools.gnu-tools-for-stm32.13.3.rel1.linux64_1.0.0.202410170706/tools/bin/../lib/gcc/arm-none-eabi/13.3.1/thumb/v7e-m+fp/hard/crti.o
 .ARM.attributes
                0x00000022       0x34 /home/andy/st/stm32cubeide_1.18.0/plugins/com.st.stm32cube.ide.mcu.externaltools.gnu-tools-for-stm32.13.3.rel1.linux64_1.0.0.202410170706/tools/bin/../lib/gcc/arm-none-eabi/13.3.1/thumb/v7e-m+fp/hard/crtbegin.o
 .ARM.attributes
                0x00000056       0x34 ./Core/Src/fonts.o
 .ARM.attributes
                0x0000008a       0x34 ./Core/Src/main.o
 .ARM.attributes
                0x000000be       0x34 ./Core/Src/st7735.o
 .ARM.attributes
                0x000000f2       0x34 ./Core/Src/stm32f4xx_hal_msp.o
 .ARM.attributes
                0x00000126       0x34 ./Core/Src/stm32f4xx_it.o
 .ARM.attributes
                0x0000015a       0x34 ./Core/Src/system_stm32f4xx.o
 .ARM.attributes
                0x0000018e       0x21 ./Core/Startup/startup_stm32f446retx.o
 .ARM.attributes
                0x000001af       0x34 ./Drivers/STM32F4xx_HAL_Driver/Src/stm32f4xx_hal.o
 .ARM.attributes
                0x000001e3       0x34 ./Drivers/STM32F4xx_HAL_Driver/Src/stm32f4xx_hal_cortex.o
 .ARM.attributes
                0x00000217       0x34 ./Drivers/STM32F4xx_HAL_Driver/Src/stm32f4xx_hal_dma.o
 .ARM.attributes
                0x0000024b       0x34 ./Drivers/STM32F4xx_HAL_Driver/Src/stm32f4xx_hal_gpio.o
 .ARM.attributes
                0x0000027f       0x34 ./Drivers/STM32F4xx_HAL_Driver/Src/stm32f4xx_hal_rcc.o
 .ARM.attributes
                0x000002b3       0x34 ./Drivers/STM32F4xx_HAL_Driver/Src/stm32f4xx_hal_rcc_ex.o
 .ARM.attributes
                0x000002e7       0x34 ./Drivers/STM32F4xx_HAL_Driver/Src/stm32f4xx_hal_spi.o
 .ARM.attributes
                0x0000031b       0x34 ./Drivers/STM32F4xx_HAL_Driver/Src/stm32f4xx_hal_tim.o
 .ARM.attributes
                0x0000034f       0x34 ./Drivers/STM32F4xx_HAL_Driver/Src/stm32f4xx_hal_tim_ex.o
 .ARM.attributes
                0x00000383       0x34 ./Drivers/STM32F4xx_HAL_Driver/Src/stm32f4xx_hal_uart.o
 .ARM.attributes
                0x000003b7       0x34 /home/andy/st/stm32cubeide_1.18.0/plugins/com.st.stm32cube.ide.mcu.externaltools.gnu-tools-for-stm32.13.3.rel1.linux64_1.0.0.202410170706/tools/bin/../lib/gcc/arm-none-eabi/13.3.1/../../../../arm-none-eabi/lib/thumb/v7e-m+fp/hard/libc_nano.a(libc_a-memset.o)
 .ARM.attributes
                0x000003eb       0x34 /home/andy/st/stm32cubeide_1.18.0/plugins/com.st.stm32cube.ide.mcu.externaltools.gnu-tools-for-stm32.13.3.rel1.linux64_1.0.0.202410170706/tools/bin/../lib/gcc/arm-none-eabi/13.3.1/../../../../arm-none-eabi/lib/thumb/v7e-m+fp/hard/libc_nano.a(libc_a-init.o)
 .ARM.attributes
                0x0000041f       0x22 /home/andy/st/stm32cubeide_1.18.0/plugins/com.st.stm32cube.ide.mcu.externaltools.gnu-tools-for-stm32.13.3.rel1.linux64_1.0.0.202410170706/tools/bin/../lib/gcc/arm-none-eabi/13.3.1/thumb/v7e-m+fp/hard/libgcc.a(_aeabi_uldivmod.o)
 .ARM.attributes
                0x00000441       0x34 /home/andy/st/stm32cubeide_1.18.0/plugins/com.st.stm32cube.ide.mcu.externaltools.gnu-tools-for-stm32.13.3.rel1.linux64_1.0.0.202410170706/tools/bin/../lib/gcc/arm-none-eabi/13.3.1/thumb/v7e-m+fp/hard/libgcc.a(_udivmoddi4.o)
 .ARM.attributes
                0x00000475       0x22 /home/andy/st/stm32cubeide_1.18.0/plugins/com.st.stm32cube.ide.mcu.externaltools.gnu-tools-for-stm32.13.3.rel1.linux64_1.0.0.202410170706/tools/bin/../lib/gcc/arm-none-eabi/13.3.1/thumb/v7e-m+fp/hard/libgcc.a(_dvmd_tls.o)
 .ARM.attributes
                0x00000497       0x22 /home/andy/st/stm32cubeide_1.18.0/plugins/com.st.stm32cube.ide.mcu.externaltools.gnu-tools-for-stm32.13.3.rel1.linux64_1.0.0.202410170706/tools/bin/../lib/gcc/arm-none-eabi/13.3.1/thumb/v7e-m+fp/hard/crtn.o
OUTPUT(GLib_ST7735R_1.8_TFT.elf elf32-littlearm)
LOAD linker stubs
LOAD /home/andy/st/stm32cubeide_1.18.0/plugins/com.st.stm32cube.ide.mcu.externaltools.gnu-tools-for-stm32.13.3.rel1.linux64_1.0.0.202410170706/tools/bin/../lib/gcc/arm-none-eabi/13.3.1/../../../../arm-none-eabi/lib/thumb/v7e-m+fp/hard/libc.a
LOAD /home/andy/st/stm32cubeide_1.18.0/plugins/com.st.stm32cube.ide.mcu.externaltools.gnu-tools-for-stm32.13.3.rel1.linux64_1.0.0.202410170706/tools/bin/../lib/gcc/arm-none-eabi/13.3.1/../../../../arm-none-eabi/lib/thumb/v7e-m+fp/hard/libm.a
LOAD /home/andy/st/stm32cubeide_1.18.0/plugins/com.st.stm32cube.ide.mcu.externaltools.gnu-tools-for-stm32.13.3.rel1.linux64_1.0.0.202410170706/tools/bin/../lib/gcc/arm-none-eabi/13.3.1/thumb/v7e-m+fp/hard/libgcc.a

.debug_info     0x00000000    0x10dd7
 .debug_info    0x00000000      0x19a ./Core/Src/fonts.o
 .debug_info    0x0000019a     0x1841 ./Core/Src/main.o
 .debug_info    0x000019db     0x161a ./Core/Src/st7735.o
 .debug_info    0x00002ff5     0x12fd ./Core/Src/stm32f4xx_hal_msp.o
 .debug_info    0x000042f2      0x70c ./Core/Src/stm32f4xx_it.o
 .debug_info    0x000049fe      0x54a ./Core/Src/system_stm32f4xx.o
 .debug_info    0x00004f48       0x30 ./Core/Startup/startup_stm32f446retx.o
 .debug_info    0x00004f78      0x9d4 ./Drivers/STM32F4xx_HAL_Driver/Src/stm32f4xx_hal.o
 .debug_info    0x0000594c      0xddf ./Drivers/STM32F4xx_HAL_Driver/Src/stm32f4xx_hal_cortex.o
 .debug_info    0x0000672b      0x904 ./Drivers/STM32F4xx_HAL_Driver/Src/stm32f4xx_hal_dma.o
 .debug_info    0x0000702f      0x724 ./Drivers/STM32F4xx_HAL_Driver/Src/stm32f4xx_hal_gpio.o
 .debug_info    0x00007753      0x91c ./Drivers/STM32F4xx_HAL_Driver/Src/stm32f4xx_hal_rcc.o
 .debug_info    0x0000806f      0x97f ./Drivers/STM32F4xx_HAL_Driver/Src/stm32f4xx_hal_rcc_ex.o
 .debug_info    0x000089ee     0x153b ./Drivers/STM32F4xx_HAL_Driver/Src/stm32f4xx_hal_spi.o
 .debug_info    0x00009f29     0x2a0f ./Drivers/STM32F4xx_HAL_Driver/Src/stm32f4xx_hal_tim.o
 .debug_info    0x0000c938     0x153b ./Drivers/STM32F4xx_HAL_Driver/Src/stm32f4xx_hal_tim_ex.o
 .debug_info    0x0000de73     0x2f64 ./Drivers/STM32F4xx_HAL_Driver/Src/stm32f4xx_hal_uart.o

.debug_abbrev   0x00000000     0x2517
 .debug_abbrev  0x00000000       0xb3 ./Core/Src/fonts.o
 .debug_abbrev  0x000000b3      0x30d ./Core/Src/main.o
 .debug_abbrev  0x000003c0      0x2ca ./Core/Src/st7735.o
 .debug_abbrev  0x0000068a      0x24a ./Core/Src/stm32f4xx_hal_msp.o
 .debug_abbrev  0x000008d4      0x194 ./Core/Src/stm32f4xx_it.o
 .debug_abbrev  0x00000a68      0x11a ./Core/Src/system_stm32f4xx.o
 .debug_abbrev  0x00000b82       0x24 ./Core/Startup/startup_stm32f446retx.o
 .debug_abbrev  0x00000ba6      0x21b ./Drivers/STM32F4xx_HAL_Driver/Src/stm32f4xx_hal.o
 .debug_abbrev  0x00000dc1      0x339 ./Drivers/STM32F4xx_HAL_Driver/Src/stm32f4xx_hal_cortex.o
 .debug_abbrev  0x000010fa      0x279 ./Drivers/STM32F4xx_HAL_Driver/Src/stm32f4xx_hal_dma.o
 .debug_abbrev  0x00001373      0x1f1 ./Drivers/STM32F4xx_HAL_Driver/Src/stm32f4xx_hal_gpio.o
 .debug_abbrev  0x00001564      0x2cc ./Drivers/STM32F4xx_HAL_Driver/Src/stm32f4xx_hal_rcc.o
 .debug_abbrev  0x00001830      0x241 ./Drivers/STM32F4xx_HAL_Driver/Src/stm32f4xx_hal_rcc_ex.o
 .debug_abbrev  0x00001a71      0x28f ./Drivers/STM32F4xx_HAL_Driver/Src/stm32f4xx_hal_spi.o
 .debug_abbrev  0x00001d00      0x275 ./Drivers/STM32F4xx_HAL_Driver/Src/stm32f4xx_hal_tim.o
 .debug_abbrev  0x00001f75      0x27f ./Drivers/STM32F4xx_HAL_Driver/Src/stm32f4xx_hal_tim_ex.o
 .debug_abbrev  0x000021f4      0x323 ./Drivers/STM32F4xx_HAL_Driver/Src/stm32f4xx_hal_uart.o

.debug_aranges  0x00000000      0xfd0
 .debug_aranges
                0x00000000       0x18 ./Core/Src/fonts.o
 .debug_aranges
                0x00000018       0x68 ./Core/Src/main.o
 .debug_aranges
                0x00000080      0x128 ./Core/Src/st7735.o
 .debug_aranges
                0x000001a8       0x50 ./Core/Src/stm32f4xx_hal_msp.o
 .debug_aranges
                0x000001f8       0x70 ./Core/Src/stm32f4xx_it.o
 .debug_aranges
                0x00000268       0x28 ./Core/Src/system_stm32f4xx.o
 .debug_aranges
                0x00000290       0x28 ./Core/Startup/startup_stm32f446retx.o
 .debug_aranges
                0x000002b8       0xf0 ./Drivers/STM32F4xx_HAL_Driver/Src/stm32f4xx_hal.o
 .debug_aranges
                0x000003a8      0x130 ./Drivers/STM32F4xx_HAL_Driver/Src/stm32f4xx_hal_cortex.o
 .debug_aranges
                0x000004d8       0x90 ./Drivers/STM32F4xx_HAL_Driver/Src/stm32f4xx_hal_dma.o
 .debug_aranges
                0x00000568       0x58 ./Drivers/STM32F4xx_HAL_Driver/Src/stm32f4xx_hal_gpio.o
 .debug_aranges
                0x000005c0       0x88 ./Drivers/STM32F4xx_HAL_Driver/Src/stm32f4xx_hal_rcc.o
 .debug_aranges
                0x00000648       0x78 ./Drivers/STM32F4xx_HAL_Driver/Src/stm32f4xx_hal_rcc_ex.o
 .debug_aranges
                0x000006c0      0x1d0 ./Drivers/STM32F4xx_HAL_Driver/Src/stm32f4xx_hal_spi.o
 .debug_aranges
                0x00000890      0x3d0 ./Drivers/STM32F4xx_HAL_Driver/Src/stm32f4xx_hal_tim.o
 .debug_aranges
                0x00000c60      0x168 ./Drivers/STM32F4xx_HAL_Driver/Src/stm32f4xx_hal_tim_ex.o
 .debug_aranges
                0x00000dc8      0x208 ./Drivers/STM32F4xx_HAL_Driver/Src/stm32f4xx_hal_uart.o

.debug_macro    0x00000000    0x223e2
 .debug_macro   0x00000000       0x6d ./Core/Src/fonts.o
 .debug_macro   0x0000006d      0xad8 ./Core/Src/fonts.o
 .debug_macro   0x00000b45       0x22 ./Core/Src/fonts.o
 .debug_macro   0x00000b67       0x8e ./Core/Src/fonts.o
 .debug_macro   0x00000bf5       0x51 ./Core/Src/fonts.o
 .debug_macro   0x00000c46      0x103 ./Core/Src/fonts.o
 .debug_macro   0x00000d49       0x6a ./Core/Src/fonts.o
 .debug_macro   0x00000db3      0x1df ./Core/Src/fonts.o
 .debug_macro   0x00000f92      0x224 ./Core/Src/main.o
 .debug_macro   0x000011b6      0x2a8 ./Core/Src/main.o
 .debug_macro   0x0000145e       0x2e ./Core/Src/main.o
 .debug_macro   0x0000148c       0x28 ./Core/Src/main.o
 .debug_macro   0x000014b4       0x1c ./Core/Src/main.o
 .debug_macro   0x000014d0       0x22 ./Core/Src/main.o
 .debug_macro   0x000014f2       0xfb ./Core/Src/main.o
 .debug_macro   0x000015ed     0x1011 ./Core/Src/main.o
 .debug_macro   0x000025fe      0x11f ./Core/Src/main.o
 .debug_macro   0x0000271d    0x1675e ./Core/Src/main.o
 .debug_macro   0x00018e7b       0x6d ./Core/Src/main.o
 .debug_macro   0x00018ee8     0x3693 ./Core/Src/main.o
 .debug_macro   0x0001c57b      0x190 ./Core/Src/main.o
 .debug_macro   0x0001c70b       0x5c ./Core/Src/main.o
 .debug_macro   0x0001c767      0xca5 ./Core/Src/main.o
 .debug_macro   0x0001d40c      0x9e9 ./Core/Src/main.o
 .debug_macro   0x0001ddf5      0x115 ./Core/Src/main.o
 .debug_macro   0x0001df0a      0x1a0 ./Core/Src/main.o
 .debug_macro   0x0001e0aa       0xa5 ./Core/Src/main.o
 .debug_macro   0x0001e14f      0x16d ./Core/Src/main.o
 .debug_macro   0x0001e2bc      0x287 ./Core/Src/main.o
 .debug_macro   0x0001e543       0x5f ./Core/Src/main.o
 .debug_macro   0x0001e5a2      0x236 ./Core/Src/main.o
 .debug_macro   0x0001e7d8      0x132 ./Core/Src/main.o
 .debug_macro   0x0001e90a      0x29c ./Core/Src/main.o
 .debug_macro   0x0001eba6       0x2e ./Core/Src/main.o
 .debug_macro   0x0001ebd4      0x127 ./Core/Src/main.o
 .debug_macro   0x0001ecfb       0xe8 ./Core/Src/main.o
 .debug_macro   0x0001ede3       0x89 ./Core/Src/main.o
 .debug_macro   0x0001ee6c      0x225 ./Core/Src/main.o
 .debug_macro   0x0001f091      0x8ed ./Core/Src/main.o
 .debug_macro   0x0001f97e       0x53 ./Core/Src/main.o
 .debug_macro   0x0001f9d1      0x2aa ./Core/Src/main.o
 .debug_macro   0x0001fc7b      0x126 ./Core/Src/main.o
 .debug_macro   0x0001fda1       0xa0 ./Core/Src/main.o
 .debug_macro   0x0001fe41       0x16 ./Core/Src/main.o
 .debug_macro   0x0001fe57       0x22 ./Core/Src/main.o
 .debug_macro   0x0001fe79      0x154 ./Core/Src/main.o
 .debug_macro   0x0001ffcd      0x326 ./Core/Src/st7735.o
 .debug_macro   0x000202f3       0x2a ./Core/Src/st7735.o
 .debug_macro   0x0002031d       0x61 ./Core/Src/st7735.o
 .debug_macro   0x0002037e       0x43 ./Core/Src/st7735.o
 .debug_macro   0x000203c1       0x34 ./Core/Src/st7735.o
 .debug_macro   0x000203f5       0x16 ./Core/Src/st7735.o
 .debug_macro   0x0002040b       0x3c ./Core/Src/st7735.o
 .debug_macro   0x00020447      0x370 ./Core/Src/st7735.o
 .debug_macro   0x000207b7       0x16 ./Core/Src/st7735.o
 .debug_macro   0x000207cd       0x4a ./Core/Src/st7735.o
 .debug_macro   0x00020817       0x34 ./Core/Src/st7735.o
 .debug_macro   0x0002084b       0x10 ./Core/Src/st7735.o
 .debug_macro   0x0002085b       0x58 ./Core/Src/st7735.o
 .debug_macro   0x000208b3       0x8e ./Core/Src/st7735.o
 .debug_macro   0x00020941       0x1c ./Core/Src/st7735.o
 .debug_macro   0x0002095d      0x185 ./Core/Src/st7735.o
 .debug_macro   0x00020ae2       0x16 ./Core/Src/st7735.o
 .debug_macro   0x00020af8       0x29 ./Core/Src/st7735.o
 .debug_macro   0x00020b21      0x1e7 ./Core/Src/stm32f4xx_hal_msp.o
 .debug_macro   0x00020d08      0x1f1 ./Core/Src/stm32f4xx_it.o
 .debug_macro   0x00020ef9      0x1d8 ./Core/Src/system_stm32f4xx.o
 .debug_macro   0x000210d1      0x238 ./Drivers/STM32F4xx_HAL_Driver/Src/stm32f4xx_hal.o
 .debug_macro   0x00021309      0x1d8 ./Drivers/STM32F4xx_HAL_Driver/Src/stm32f4xx_hal_cortex.o
 .debug_macro   0x000214e1      0x1de ./Drivers/STM32F4xx_HAL_Driver/Src/stm32f4xx_hal_dma.o
 .debug_macro   0x000216bf      0x1de ./Drivers/STM32F4xx_HAL_Driver/Src/stm32f4xx_hal_gpio.o
 .debug_macro   0x0002189d      0x1fc ./Drivers/STM32F4xx_HAL_Driver/Src/stm32f4xx_hal_rcc.o
 .debug_macro   0x00021a99      0x1d8 ./Drivers/STM32F4xx_HAL_Driver/Src/stm32f4xx_hal_rcc_ex.o
 .debug_macro   0x00021c71      0x1e7 ./Drivers/STM32F4xx_HAL_Driver/Src/stm32f4xx_hal_spi.o
 .debug_macro   0x00021e58      0x1d9 ./Drivers/STM32F4xx_HAL_Driver/Src/stm32f4xx_hal_tim.o
 .debug_macro   0x00022031      0x1d8 ./Drivers/STM32F4xx_HAL_Driver/Src/stm32f4xx_hal_tim_ex.o
 .debug_macro   0x00022209      0x1d9 ./Drivers/STM32F4xx_HAL_Driver/Src/stm32f4xx_hal_uart.o

.debug_line     0x00000000    0x158a0
 .debug_line    0x00000000      0x367 ./Core/Src/fonts.o
 .debug_line    0x00000367      0xa30 ./Core/Src/main.o
 .debug_line    0x00000d97     0x13c5 ./Core/Src/st7735.o
 .debug_line    0x0000215c      0x7bc ./Core/Src/stm32f4xx_hal_msp.o
 .debug_line    0x00002918      0x799 ./Core/Src/stm32f4xx_it.o
 .debug_line    0x000030b1      0x730 ./Core/Src/system_stm32f4xx.o
 .debug_line    0x000037e1       0x7a ./Core/Startup/startup_stm32f446retx.o
 .debug_line    0x0000385b      0x9c0 ./Drivers/STM32F4xx_HAL_Driver/Src/stm32f4xx_hal.o
 .debug_line    0x0000421b      0xe99 ./Drivers/STM32F4xx_HAL_Driver/Src/stm32f4xx_hal_cortex.o
 .debug_line    0x000050b4     0x10d6 ./Drivers/STM32F4xx_HAL_Driver/Src/stm32f4xx_hal_dma.o
 .debug_line    0x0000618a      0xcfe ./Drivers/STM32F4xx_HAL_Driver/Src/stm32f4xx_hal_gpio.o
 .debug_line    0x00006e88      0xfb6 ./Drivers/STM32F4xx_HAL_Driver/Src/stm32f4xx_hal_rcc.o
 .debug_line    0x00007e3e     0x17fb ./Drivers/STM32F4xx_HAL_Driver/Src/stm32f4xx_hal_rcc_ex.o
 .debug_line    0x00009639     0x1de4 ./Drivers/STM32F4xx_HAL_Driver/Src/stm32f4xx_hal_spi.o
 .debug_line    0x0000b41d     0x5e32 ./Drivers/STM32F4xx_HAL_Driver/Src/stm32f4xx_hal_tim.o
 .debug_line    0x0001124f     0x1f57 ./Drivers/STM32F4xx_HAL_Driver/Src/stm32f4xx_hal_tim_ex.o
 .debug_line    0x000131a6     0x26fa ./Drivers/STM32F4xx_HAL_Driver/Src/stm32f4xx_hal_uart.o

.debug_str      0x00000000    0xd2fdc
 .debug_str     0x00000000    0xd2fdc ./Core/Src/fonts.o
                               0x3e20 (size before relaxing)
 .debug_str     0x000d2fdc    0xcc7d8 ./Core/Src/main.o
 .debug_str     0x000d2fdc    0xcf14b ./Core/Src/st7735.o
 .debug_str     0x000d2fdc    0xcbfb2 ./Core/Src/stm32f4xx_hal_msp.o
 .debug_str     0x000d2fdc    0xcb4d1 ./Core/Src/stm32f4xx_it.o
 .debug_str     0x000d2fdc    0xcae20 ./Core/Src/system_stm32f4xx.o
 .debug_str     0x000d2fdc       0x88 ./Core/Startup/startup_stm32f446retx.o
 .debug_str     0x000d2fdc    0xcba05 ./Drivers/STM32F4xx_HAL_Driver/Src/stm32f4xx_hal.o
 .debug_str     0x000d2fdc    0xcb75e ./Drivers/STM32F4xx_HAL_Driver/Src/stm32f4xx_hal_cortex.o
 .debug_str     0x000d2fdc    0xcb223 ./Drivers/STM32F4xx_HAL_Driver/Src/stm32f4xx_hal_dma.o
 .debug_str     0x000d2fdc    0xcafa9 ./Drivers/STM32F4xx_HAL_Driver/Src/stm32f4xx_hal_gpio.o
 .debug_str     0x000d2fdc    0xcb267 ./Drivers/STM32F4xx_HAL_Driver/Src/stm32f4xx_hal_rcc.o
 .debug_str     0x000d2fdc    0xcb29a ./Drivers/STM32F4xx_HAL_Driver/Src/stm32f4xx_hal_rcc_ex.o
 .debug_str     0x000d2fdc    0xcb6c7 ./Drivers/STM32F4xx_HAL_Driver/Src/stm32f4xx_hal_spi.o
 .debug_str     0x000d2fdc    0xcc1a5 ./Drivers/STM32F4xx_HAL_Driver/Src/stm32f4xx_hal_tim.o
 .debug_str     0x000d2fdc    0xcb9b1 ./Drivers/STM32F4xx_HAL_Driver/Src/stm32f4xx_hal_tim_ex.o
 .debug_str     0x000d2fdc    0xcb81e ./Drivers/STM32F4xx_HAL_Driver/Src/stm32f4xx_hal_uart.o

.comment        0x00000000       0x43
 .comment       0x00000000       0x43 ./Core/Src/fonts.o
                                 0x44 (size before relaxing)
 .comment       0x00000043       0x44 ./Core/Src/main.o
 .comment       0x00000043       0x44 ./Core/Src/st7735.o
 .comment       0x00000043       0x44 ./Core/Src/stm32f4xx_hal_msp.o
 .comment       0x00000043       0x44 ./Core/Src/stm32f4xx_it.o
 .comment       0x00000043       0x44 ./Core/Src/system_stm32f4xx.o
 .comment       0x00000043       0x44 ./Drivers/STM32F4xx_HAL_Driver/Src/stm32f4xx_hal.o
 .comment       0x00000043       0x44 ./Drivers/STM32F4xx_HAL_Driver/Src/stm32f4xx_hal_cortex.o
 .comment       0x00000043       0x44 ./Drivers/STM32F4xx_HAL_Driver/Src/stm32f4xx_hal_dma.o
 .comment       0x00000043       0x44 ./Drivers/STM32F4xx_HAL_Driver/Src/stm32f4xx_hal_gpio.o
 .comment       0x00000043       0x44 ./Drivers/STM32F4xx_HAL_Driver/Src/stm32f4xx_hal_rcc.o
 .comment       0x00000043       0x44 ./Drivers/STM32F4xx_HAL_Driver/Src/stm32f4xx_hal_rcc_ex.o
 .comment       0x00000043       0x44 ./Drivers/STM32F4xx_HAL_Driver/Src/stm32f4xx_hal_spi.o
 .comment       0x00000043       0x44 ./Drivers/STM32F4xx_HAL_Driver/Src/stm32f4xx_hal_tim.o
 .comment       0x00000043       0x44 ./Drivers/STM32F4xx_HAL_Driver/Src/stm32f4xx_hal_tim_ex.o
 .comment       0x00000043       0x44 ./Drivers/STM32F4xx_HAL_Driver/Src/stm32f4xx_hal_uart.o

.debug_rnglists
                0x00000000      0xc71
 .debug_rnglists
                0x00000000       0x4c ./Core/Src/main.o
 .debug_rnglists
                0x0000004c       0xed ./Core/Src/st7735.o
 .debug_rnglists
                0x00000139       0x39 ./Core/Src/stm32f4xx_hal_msp.o
 .debug_rnglists
                0x00000172       0x4f ./Core/Src/stm32f4xx_it.o
 .debug_rnglists
                0x000001c1       0x1a ./Core/Src/system_stm32f4xx.o
 .debug_rnglists
                0x000001db       0x19 ./Core/Startup/startup_stm32f446retx.o
 .debug_rnglists
                0x000001f4       0xaf ./Drivers/STM32F4xx_HAL_Driver/Src/stm32f4xx_hal.o
 .debug_rnglists
                0x000002a3       0xe0 ./Drivers/STM32F4xx_HAL_Driver/Src/stm32f4xx_hal_cortex.o
 .debug_rnglists
                0x00000383       0x71 ./Drivers/STM32F4xx_HAL_Driver/Src/stm32f4xx_hal_dma.o
 .debug_rnglists
                0x000003f4       0x3f ./Drivers/STM32F4xx_HAL_Driver/Src/stm32f4xx_hal_gpio.o
 .debug_rnglists
                0x00000433       0x66 ./Drivers/STM32F4xx_HAL_Driver/Src/stm32f4xx_hal_rcc.o
 .debug_rnglists
                0x00000499       0x5e ./Drivers/STM32F4xx_HAL_Driver/Src/stm32f4xx_hal_rcc_ex.o
 .debug_rnglists
                0x000004f7      0x170 ./Drivers/STM32F4xx_HAL_Driver/Src/stm32f4xx_hal_spi.o
 .debug_rnglists
                0x00000667      0x321 ./Drivers/STM32F4xx_HAL_Driver/Src/stm32f4xx_hal_tim.o
 .debug_rnglists
                0x00000988      0x129 ./Drivers/STM32F4xx_HAL_Driver/Src/stm32f4xx_hal_tim_ex.o
 .debug_rnglists
                0x00000ab1      0x1c0 ./Drivers/STM32F4xx_HAL_Driver/Src/stm32f4xx_hal_uart.o

.debug_frame    0x00000000     0x4310
 .debug_frame   0x00000000      0x168 ./Core/Src/main.o
 .debug_frame   0x00000168      0x518 ./Core/Src/st7735.o
 .debug_frame   0x00000680      0x10c ./Core/Src/stm32f4xx_hal_msp.o
 .debug_frame   0x0000078c      0x13c ./Core/Src/stm32f4xx_it.o
 .debug_frame   0x000008c8       0x58 ./Core/Src/system_stm32f4xx.o
 .debug_frame   0x00000920      0x374 ./Drivers/STM32F4xx_HAL_Driver/Src/stm32f4xx_hal.o
 .debug_frame   0x00000c94      0x4fc ./Drivers/STM32F4xx_HAL_Driver/Src/stm32f4xx_hal_cortex.o
 .debug_frame   0x00001190      0x254 ./Drivers/STM32F4xx_HAL_Driver/Src/stm32f4xx_hal_dma.o
 .debug_frame   0x000013e4      0x138 ./Drivers/STM32F4xx_HAL_Driver/Src/stm32f4xx_hal_gpio.o
 .debug_frame   0x0000151c      0x1f8 ./Drivers/STM32F4xx_HAL_Driver/Src/stm32f4xx_hal_rcc.o
 .debug_frame   0x00001714      0x1e4 ./Drivers/STM32F4xx_HAL_Driver/Src/stm32f4xx_hal_rcc_ex.o
 .debug_frame   0x000018f8      0x828 ./Drivers/STM32F4xx_HAL_Driver/Src/stm32f4xx_hal_spi.o
 .debug_frame   0x00002120     0x11dc ./Drivers/STM32F4xx_HAL_Driver/Src/stm32f4xx_hal_tim.o
 .debug_frame   0x000032fc      0x620 ./Drivers/STM32F4xx_HAL_Driver/Src/stm32f4xx_hal_tim_ex.o
 .debug_frame   0x0000391c      0x948 ./Drivers/STM32F4xx_HAL_Driver/Src/stm32f4xx_hal_uart.o
 .debug_frame   0x00004264       0x20 /home/andy/st/stm32cubeide_1.18.0/plugins/com.st.stm32cube.ide.mcu.externaltools.gnu-tools-for-stm32.13.3.rel1.linux64_1.0.0.202410170706/tools/bin/../lib/gcc/arm-none-eabi/13.3.1/../../../../arm-none-eabi/lib/thumb/v7e-m+fp/hard/libc_nano.a(libc_a-memset.o)
 .debug_frame   0x00004284       0x2c /home/andy/st/stm32cubeide_1.18.0/plugins/com.st.stm32cube.ide.mcu.externaltools.gnu-tools-for-stm32.13.3.rel1.linux64_1.0.0.202410170706/tools/bin/../lib/gcc/arm-none-eabi/13.3.1/../../../../arm-none-eabi/lib/thumb/v7e-m+fp/hard/libc_nano.a(libc_a-init.o)
 .debug_frame   0x000042b0       0x2c /home/andy/st/stm32cubeide_1.18.0/plugins/com.st.stm32cube.ide.mcu.externaltools.gnu-tools-for-stm32.13.3.rel1.linux64_1.0.0.202410170706/tools/bin/../lib/gcc/arm-none-eabi/13.3.1/thumb/v7e-m+fp/hard/libgcc.a(_aeabi_uldivmod.o)
 .debug_frame   0x000042dc       0x34 /home/andy/st/stm32cubeide_1.18.0/plugins/com.st.stm32cube.ide.mcu.externaltools.gnu-tools-for-stm32.13.3.rel1.linux64_1.0.0.202410170706/tools/bin/../lib/gcc/arm-none-eabi/13.3.1/thumb/v7e-m+fp/hard/libgcc.a(_udivmoddi4.o)

.debug_line_str
                0x00000000       0x6c
 .debug_line_str
                0x00000000       0x6c ./Core/Startup/startup_stm32f446retx.o
