../Core/Src/st7735.c:127:13:ST7735_GPIO_Init	4	static
../Core/Src/st7735.c:145:13:ST7735_Reset	8	static
../Core/Src/st7735.c:152:13:ST7735_WriteCommand	16	static
../Core/Src/st7735.c:165:13:ST7735_WriteData	16	static
../Core/Src/st7735.c:176:13:ST7735_ExecuteCommandList	24	static
../Core/Src/st7735.c:206:13:ST7735_SetAddressWindow	32	static
../Core/Src/st7735.c:223:13:ST7735_WriteChar	48	static
../Core/Src/st7735.c:248:6:ST7735_Init	8	static
../Core/Src/st7735.c:259:6:ST7735_DrawPixel	24	static
../Core/Src/st7735.c:273:6:ST7735_DrawString	32	static
../Core/Src/st7735.c:303:6:ST7735_FillRectangle	56	dynamic
../Core/Src/st7735.c:341:6:ST7735_FillScreen	24	static
../Core/Src/st7735.c:346:6:ST7735_DrawImage	24	static
../Core/Src/st7735.c:358:6:ST7735_InvertColors	16	static
../Core/Src/st7735.c:365:6:ST7735_Backlight_On	4	static
../Core/Src/st7735.c:370:6:ST7735_Backlight_Off	4	static
../Core/Src/st7735.c:379:6:ST7735_DrawCircle	32	static
../Core/Src/st7735.c:419:6:ST7735_DrawCircleHelper	32	static
../Core/Src/st7735.c:465:6:ST7735_FillCircle	32	static
../Core/Src/st7735.c:476:6:ST7735_FillCircleHelper	32	static
../Core/Src/st7735.c:513:6:ST7735_DrawEllipse	48	static
../Core/Src/st7735.c:557:6:ST7735_FillEllipse	48	static
../Core/Src/st7735.c:601:6:ST7735_DrawRect	24	static
../Core/Src/st7735.c:614:6:ST7735_DrawRoundRect	32	static
../Core/Src/st7735.c:633:6:ST7735_FillRoundRect	32	static
../Core/Src/st7735.c:648:6:ST7735_DrawTriangle	32	static
../Core/Src/st7735.c:660:6:ST7735_FillTriangle	64	static
../Core/Src/st7735.c:743:6:ST7735_DrawLine	48	static
../Core/Src/st7735.c:797:6:ST7735_DrawFastVLine	32	static
../Core/Src/st7735.c:815:6:ST7735_DrawFastHLine	32	static
../Core/Src/st7735.c:832:6:ST7735_SetRotation	24	static
../Core/Src/st7735.c:886:9:ST7735_GetRotation	4	static
../Core/Src/st7735.c:891:9:ST7735_GetHeight	4	static
../Core/Src/st7735.c:896:9:ST7735_GetWidth	4	static
